% Generated on Mon Dec  1 11:01:03 2014

\lstdefinelanguage{easycrypt-kw}{
  morekeywords=[1]{forall,exists,fun,glob,let,in,var,proc,if,then,else,elif,while,assert,return,res,equiv,hoare,phoare,islossless},
  morekeywords=[2]{axiom,hypothesis,axiomatized,lemma,realize,proof,qed,goal,end,import,export,local,declare,hint,nosmt,module,of,const,op,pred,require,theory,section,type,class,instance,print,search,why3,as,Pr,clone,with,prover,timeout,nolocals,Top},
  morekeywords=[3]{beta,iota,zeta,logic,delta,simplify,congr,change,split,left,right,generalize,case,intros,pose,cut,elim,clear,apply,rewrite,rwnormal,subst,progress,trivial,auto,idtac,move,modpath,fieldeq,ringeq,algebra,transitivity,symmetry,seq,wp,sp,sim,skip,call,rcondt,rcondf,swap,cfold,rnd,pr_bounded,bypr,byphoare,byequiv,fel,conseq,exfalso,inline,alias,fission,fusion,unroll,splitwhile,kill,eager},
  morekeywords=[4]{try,first,last,do,strict,expect},
  morekeywords=[5]{exact,assumption,smt,by,reflexivity,done},
  morekeywords=[6]{admit},
}

\def\Eexact{\text{\ls[language=easycrypt,mathescape]"exact"}}
\def\Eassumption{\text{\ls[language=easycrypt,mathescape]"assumption"}}
\def\Esmt{\text{\ls[language=easycrypt,mathescape]"smt"}}
\def\Eby{\text{\ls[language=easycrypt,mathescape]"by"}}
\def\Ereflexivity{\text{\ls[language=easycrypt,mathescape]"reflexivity"}}
\def\Edone{\text{\ls[language=easycrypt,mathescape]"done"}}
\def\Eadmit{\text{\ls[language=easycrypt,mathescape]"admit"}}
\def\Eaxiom{\text{\ls[language=easycrypt,mathescape]"axiom"}}
\def\Ehypothesis{\text{\ls[language=easycrypt,mathescape]"hypothesis"}}
\def\Eaxiomatized{\text{\ls[language=easycrypt,mathescape]"axiomatized"}}
\def\Elemma{\text{\ls[language=easycrypt,mathescape]"lemma"}}
\def\Erealize{\text{\ls[language=easycrypt,mathescape]"realize"}}
\def\Eproof{\text{\ls[language=easycrypt,mathescape]"proof"}}
\def\Eqed{\text{\ls[language=easycrypt,mathescape]"qed"}}
\def\Egoal{\text{\ls[language=easycrypt,mathescape]"goal"}}
\def\Eend{\text{\ls[language=easycrypt,mathescape]"end"}}
\def\Eimport{\text{\ls[language=easycrypt,mathescape]"import"}}
\def\Eexport{\text{\ls[language=easycrypt,mathescape]"export"}}
\def\Elocal{\text{\ls[language=easycrypt,mathescape]"local"}}
\def\Edeclare{\text{\ls[language=easycrypt,mathescape]"declare"}}
\def\Ehint{\text{\ls[language=easycrypt,mathescape]"hint"}}
\def\Enosmt{\text{\ls[language=easycrypt,mathescape]"nosmt"}}
\def\Emodule{\text{\ls[language=easycrypt,mathescape]"module"}}
\def\Eof{\text{\ls[language=easycrypt,mathescape]"of"}}
\def\Econst{\text{\ls[language=easycrypt,mathescape]"const"}}
\def\Eop{\text{\ls[language=easycrypt,mathescape]"op"}}
\def\Epred{\text{\ls[language=easycrypt,mathescape]"pred"}}
\def\Erequire{\text{\ls[language=easycrypt,mathescape]"require"}}
\def\Etheory{\text{\ls[language=easycrypt,mathescape]"theory"}}
\def\Esection{\text{\ls[language=easycrypt,mathescape]"section"}}
\def\Etype{\text{\ls[language=easycrypt,mathescape]"type"}}
\def\Eclass{\text{\ls[language=easycrypt,mathescape]"class"}}
\def\Einstance{\text{\ls[language=easycrypt,mathescape]"instance"}}
\def\Eprint{\text{\ls[language=easycrypt,mathescape]"print"}}
\def\Esearch{\text{\ls[language=easycrypt,mathescape]"search"}}
\def\Ewhy3{\text{\ls[language=easycrypt,mathescape]"why3"}}
\def\Eas{\text{\ls[language=easycrypt,mathescape]"as"}}
\def\EPr{\text{\ls[language=easycrypt,mathescape]"Pr"}}
\def\Eclone{\text{\ls[language=easycrypt,mathescape]"clone"}}
\def\Ewith{\text{\ls[language=easycrypt,mathescape]"with"}}
\def\Eprover{\text{\ls[language=easycrypt,mathescape]"prover"}}
\def\Etimeout{\text{\ls[language=easycrypt,mathescape]"timeout"}}
\def\Enolocals{\text{\ls[language=easycrypt,mathescape]"nolocals"}}
\def\ETop{\text{\ls[language=easycrypt,mathescape]"Top"}}
\def\Eundo{\text{\ls[language=easycrypt,mathescape]"undo"}}
\def\Edebug{\text{\ls[language=easycrypt,mathescape]"debug"}}
\def\Epragma{\text{\ls[language=easycrypt,mathescape]"pragma"}}
\def\Ebeta{\text{\ls[language=easycrypt,mathescape]"beta"}}
\def\Eiota{\text{\ls[language=easycrypt,mathescape]"iota"}}
\def\Ezeta{\text{\ls[language=easycrypt,mathescape]"zeta"}}
\def\Elogic{\text{\ls[language=easycrypt,mathescape]"logic"}}
\def\Edelta{\text{\ls[language=easycrypt,mathescape]"delta"}}
\def\Esimplify{\text{\ls[language=easycrypt,mathescape]"simplify"}}
\def\Econgr{\text{\ls[language=easycrypt,mathescape]"congr"}}
\def\Echange{\text{\ls[language=easycrypt,mathescape]"change"}}
\def\Esplit{\text{\ls[language=easycrypt,mathescape]"split"}}
\def\Eleft{\text{\ls[language=easycrypt,mathescape]"left"}}
\def\Eright{\text{\ls[language=easycrypt,mathescape]"right"}}
\def\Egeneralize{\text{\ls[language=easycrypt,mathescape]"generalize"}}
\def\Ecase{\text{\ls[language=easycrypt,mathescape]"case"}}
\def\Eintros{\text{\ls[language=easycrypt,mathescape]"intros"}}
\def\Epose{\text{\ls[language=easycrypt,mathescape]"pose"}}
\def\Ecut{\text{\ls[language=easycrypt,mathescape]"cut"}}
\def\Eelim{\text{\ls[language=easycrypt,mathescape]"elim"}}
\def\Eclear{\text{\ls[language=easycrypt,mathescape]"clear"}}
\def\Eapply{\text{\ls[language=easycrypt,mathescape]"apply"}}
\def\Erewrite{\text{\ls[language=easycrypt,mathescape]"rewrite"}}
\def\Erwnormal{\text{\ls[language=easycrypt,mathescape]"rwnormal"}}
\def\Esubst{\text{\ls[language=easycrypt,mathescape]"subst"}}
\def\Eprogress{\text{\ls[language=easycrypt,mathescape]"progress"}}
\def\Etrivial{\text{\ls[language=easycrypt,mathescape]"trivial"}}
\def\Eauto{\text{\ls[language=easycrypt,mathescape]"auto"}}
\def\Eidtac{\text{\ls[language=easycrypt,mathescape]"idtac"}}
\def\Emove{\text{\ls[language=easycrypt,mathescape]"move"}}
\def\Emodpath{\text{\ls[language=easycrypt,mathescape]"modpath"}}
\def\Efieldeq{\text{\ls[language=easycrypt,mathescape]"fieldeq"}}
\def\Eringeq{\text{\ls[language=easycrypt,mathescape]"ringeq"}}
\def\Ealgebra{\text{\ls[language=easycrypt,mathescape]"algebra"}}
\def\Etransitivity{\text{\ls[language=easycrypt,mathescape]"transitivity"}}
\def\Esymmetry{\text{\ls[language=easycrypt,mathescape]"symmetry"}}
\def\Eseq{\text{\ls[language=easycrypt,mathescape]"seq"}}
\def\Ewp{\text{\ls[language=easycrypt,mathescape]"wp"}}
\def\Esp{\text{\ls[language=easycrypt,mathescape]"sp"}}
\def\Esim{\text{\ls[language=easycrypt,mathescape]"sim"}}
\def\Eskip{\text{\ls[language=easycrypt,mathescape]"skip"}}
\def\Ecall{\text{\ls[language=easycrypt,mathescape]"call"}}
\def\Ercondt{\text{\ls[language=easycrypt,mathescape]"rcondt"}}
\def\Ercondf{\text{\ls[language=easycrypt,mathescape]"rcondf"}}
\def\Eswap{\text{\ls[language=easycrypt,mathescape]"swap"}}
\def\Ecfold{\text{\ls[language=easycrypt,mathescape]"cfold"}}
\def\Ernd{\text{\ls[language=easycrypt,mathescape]"rnd"}}
\def\Eprbounded{\text{\ls[language=easycrypt,mathescape]"pr_bounded"}}
\def\Ebypr{\text{\ls[language=easycrypt,mathescape]"bypr"}}
\def\Ebyphoare{\text{\ls[language=easycrypt,mathescape]"byphoare"}}
\def\Ebyequiv{\text{\ls[language=easycrypt,mathescape]"byequiv"}}
\def\Efel{\text{\ls[language=easycrypt,mathescape]"fel"}}
\def\Econseq{\text{\ls[language=easycrypt,mathescape]"conseq"}}
\def\Eexfalso{\text{\ls[language=easycrypt,mathescape]"exfalso"}}
\def\Einline{\text{\ls[language=easycrypt,mathescape]"inline"}}
\def\Ealias{\text{\ls[language=easycrypt,mathescape]"alias"}}
\def\Efission{\text{\ls[language=easycrypt,mathescape]"fission"}}
\def\Efusion{\text{\ls[language=easycrypt,mathescape]"fusion"}}
\def\Eunroll{\text{\ls[language=easycrypt,mathescape]"unroll"}}
\def\Esplitwhile{\text{\ls[language=easycrypt,mathescape]"splitwhile"}}
\def\Ekill{\text{\ls[language=easycrypt,mathescape]"kill"}}
\def\Eeager{\text{\ls[language=easycrypt,mathescape]"eager"}}
\def\Etry{\text{\ls[language=easycrypt,mathescape]"try"}}
\def\Efirst{\text{\ls[language=easycrypt,mathescape]"first"}}
\def\Elast{\text{\ls[language=easycrypt,mathescape]"last"}}
\def\Edo{\text{\ls[language=easycrypt,mathescape]"do"}}
\def\Estrict{\text{\ls[language=easycrypt,mathescape]"strict"}}
\def\Eexpect{\text{\ls[language=easycrypt,mathescape]"expect"}}
\def\Eforall{\text{\ls[language=easycrypt,mathescape]"forall"}}
\def\Eexists{\text{\ls[language=easycrypt,mathescape]"exists"}}
\def\Efun{\text{\ls[language=easycrypt,mathescape]"fun"}}
\def\Eglob{\text{\ls[language=easycrypt,mathescape]"glob"}}
\def\Elet{\text{\ls[language=easycrypt,mathescape]"let"}}
\def\Ein{\text{\ls[language=easycrypt,mathescape]"in"}}
\def\Evar{\text{\ls[language=easycrypt,mathescape]"var"}}
\def\Eproc{\text{\ls[language=easycrypt,mathescape]"proc"}}
\def\Eif{\text{\ls[language=easycrypt,mathescape]"if"}}
\def\Ethen{\text{\ls[language=easycrypt,mathescape]"then"}}
\def\Eelse{\text{\ls[language=easycrypt,mathescape]"else"}}
\def\Eelif{\text{\ls[language=easycrypt,mathescape]"elif"}}
\def\Ewhile{\text{\ls[language=easycrypt,mathescape]"while"}}
\def\Eassert{\text{\ls[language=easycrypt,mathescape]"assert"}}
\def\Ereturn{\text{\ls[language=easycrypt,mathescape]"return"}}
\def\Eres{\text{\ls[language=easycrypt,mathescape]"res"}}
\def\Eequiv{\text{\ls[language=easycrypt,mathescape]"equiv"}}
\def\Ehoare{\text{\ls[language=easycrypt,mathescape]"hoare"}}
\def\Ephoare{\text{\ls[language=easycrypt,mathescape]"phoare"}}
\def\Eislossless{\text{\ls[language=easycrypt,mathescape]"islossless"}}
