% --------------------------------------------------------------------
\lstdefinestyle{easycrypt-default}{
  mathescape=true,
  columns=fullflexible,
  keepspaces=true,
  captionpos=b,
  frame=tb,
  xleftmargin=.1\textwidth,
  xrightmargin=.1\textwidth,
  rangebeginprefix={(**\ begin\ },
  rangeendprefix={(**\ end\ },
  rangesuffix={\ *)},
  includerangemarker=false,
  basicstyle=\small\sffamily,
  identifierstyle={},
  keywordstyle=[1]{\color{OliveGreen}},
  keywordstyle=[2]{\bfseries},
  keywordstyle=[3]{\color{Blue}},
  keywordstyle=[4]{\bfseries\color{OliveGreen}},
  keywordstyle=[5]{\color{Red}},
  keywordstyle=[6]{\color{Red}},
  literate=
    {=>}{$\Rightarrow$}{1}
    {<=}{{$\mathrel{\leq}\;$}}1
    {>=}{{$\mathrel{\geq}\;$}}1
    {<>}{{$\mathrel{\neq}\;$}}1
    {->}{{$\rightarrow\;$}}1
    {<-}{{$\leftarrow\;$}}1
    {<=>}{{$\Leftrightarrow\;$}}1
    {=>}{{$\Rightarrow\;$}}1
    {==>}{{$\pmb{\Longrightarrow}$}}1
    {\/\\}{{$\wedge\;$}}1
    {\\\/}{{$\vee\;$}}1
    {!!}{{$\neg\,$}}1
    {phi}{{$\!\phi\,$}}1
    {phi1}{{$\!\phi_1$}}1
    {phi2}{{$\!\phi_2$}}1
    {phi3}{{$\!\phi_3$}}1
    {phin}{{$\!\phi_n$}}1
    {psi}{{$\!\psi\,$}}1
    {psi1}{{$\!\psi_1$}}1
    {psi2}{{$\!\psi_2$}}1
    {psi3}{{$\!\psi_3$}}1
    {psin}{{$\!\psi_n$}}1
}

% --------------------------------------------------------------------
\input{easycrypt-kw.lst}

% --------------------------------------------------------------------
\lstdefinelanguage{easycrypt}{
  style=easycrypt-default,
  language=easycrypt-kw,
  morekeywords=[1]{arg},
  morecomment=[n][\itshape]{(*}{*)},
  morecomment=[n][\bfseries]{(**}{*)},
}
