% Generated on Mon Dec  1 11:54:41 2014

\lstdefinelanguage{easycrypt-kw}{
  morekeywords=[1]{forall,exists,fun,glob,let,in,var,proc,if,then,else,elif,while,assert,return,res,equiv,hoare,phoare,islossless},
  morekeywords=[2]{axiom,hypothesis,axiomatized,lemma,realize,proof,qed,goal,end,import,export,local,declare,hint,nosmt,module,of,const,op,pred,require,theory,section,type,class,instance,print,search,why3,as,Pr,clone,with,prover,timeout,nolocals,Top},
  morekeywords=[3]{beta,iota,zeta,logic,delta,simplify,congr,change,split,left,right,generalize,case,intros,pose,cut,elim,clear,apply,rewrite,rwnormal,subst,progress,trivial,auto,idtac,move,modpath,fieldeq,ringeq,algebra,transitivity,symmetry,seq,wp,sp,sim,skip,call,rcondt,rcondf,swap,cfold,rnd,pr_bounded,bypr,byphoare,byequiv,fel,conseq,exfalso,inline,alias,fission,fusion,unroll,splitwhile,kill,eager},
  morekeywords=[4]{try,first,last,do,strict,expect},
  morekeywords=[5]{exact,assumption,smt,by,reflexivity,done},
  morekeywords=[6]{admit},
}

\def\Exact{\ensuretext{\ls[language=easycrypt,mathescape]"exact"}}
\def\Assumption{\ensuretext{\ls[language=easycrypt,mathescape]"assumption"}}
\def\Smt{\ensuretext{\ls[language=easycrypt,mathescape]"smt"}}
\def\By{\ensuretext{\ls[language=easycrypt,mathescape]"by"}}
\def\Reflexivity{\ensuretext{\ls[language=easycrypt,mathescape]"reflexivity"}}
\def\Done{\ensuretext{\ls[language=easycrypt,mathescape]"done"}}
\def\Admit{\ensuretext{\ls[language=easycrypt,mathescape]"admit"}}
\def\Axiom{\ensuretext{\ls[language=easycrypt,mathescape]"axiom"}}
\def\Hypothesis{\ensuretext{\ls[language=easycrypt,mathescape]"hypothesis"}}
\def\Axiomatized{\ensuretext{\ls[language=easycrypt,mathescape]"axiomatized"}}
\def\Lemma{\ensuretext{\ls[language=easycrypt,mathescape]"lemma"}}
\def\Realize{\ensuretext{\ls[language=easycrypt,mathescape]"realize"}}
\def\Proof{\ensuretext{\ls[language=easycrypt,mathescape]"proof"}}
\def\Qed{\ensuretext{\ls[language=easycrypt,mathescape]"qed"}}
\def\Goal{\ensuretext{\ls[language=easycrypt,mathescape]"goal"}}
\def\End{\ensuretext{\ls[language=easycrypt,mathescape]"end"}}
\def\Import{\ensuretext{\ls[language=easycrypt,mathescape]"import"}}
\def\Export{\ensuretext{\ls[language=easycrypt,mathescape]"export"}}
\def\Local{\ensuretext{\ls[language=easycrypt,mathescape]"local"}}
\def\Declare{\ensuretext{\ls[language=easycrypt,mathescape]"declare"}}
\def\Hint{\ensuretext{\ls[language=easycrypt,mathescape]"hint"}}
\def\Nosmt{\ensuretext{\ls[language=easycrypt,mathescape]"nosmt"}}
\def\Module{\ensuretext{\ls[language=easycrypt,mathescape]"module"}}
\def\Of{\ensuretext{\ls[language=easycrypt,mathescape]"of"}}
\def\Const{\ensuretext{\ls[language=easycrypt,mathescape]"const"}}
\def\Op{\ensuretext{\ls[language=easycrypt,mathescape]"op"}}
\def\Pred{\ensuretext{\ls[language=easycrypt,mathescape]"pred"}}
\def\Require{\ensuretext{\ls[language=easycrypt,mathescape]"require"}}
\def\Theory{\ensuretext{\ls[language=easycrypt,mathescape]"theory"}}
\def\Section{\ensuretext{\ls[language=easycrypt,mathescape]"section"}}
\def\Type{\ensuretext{\ls[language=easycrypt,mathescape]"type"}}
\def\Class{\ensuretext{\ls[language=easycrypt,mathescape]"class"}}
\def\Instance{\ensuretext{\ls[language=easycrypt,mathescape]"instance"}}
\def\Print{\ensuretext{\ls[language=easycrypt,mathescape]"print"}}
\def\Search{\ensuretext{\ls[language=easycrypt,mathescape]"search"}}
\def\Why3{\ensuretext{\ls[language=easycrypt,mathescape]"why3"}}
\def\As{\ensuretext{\ls[language=easycrypt,mathescape]"as"}}
\def\Pr{\ensuretext{\ls[language=easycrypt,mathescape]"Pr"}}
\def\Clone{\ensuretext{\ls[language=easycrypt,mathescape]"clone"}}
\def\With{\ensuretext{\ls[language=easycrypt,mathescape]"with"}}
\def\Prover{\ensuretext{\ls[language=easycrypt,mathescape]"prover"}}
\def\Timeout{\ensuretext{\ls[language=easycrypt,mathescape]"timeout"}}
\def\Nolocals{\ensuretext{\ls[language=easycrypt,mathescape]"nolocals"}}
\def\Top{\ensuretext{\ls[language=easycrypt,mathescape]"Top"}}
\def\Undo{\ensuretext{\ls[language=easycrypt,mathescape]"undo"}}
\def\Debug{\ensuretext{\ls[language=easycrypt,mathescape]"debug"}}
\def\Pragma{\ensuretext{\ls[language=easycrypt,mathescape]"pragma"}}
\def\Beta{\ensuretext{\ls[language=easycrypt,mathescape]"beta"}}
\def\Iota{\ensuretext{\ls[language=easycrypt,mathescape]"iota"}}
\def\Zeta{\ensuretext{\ls[language=easycrypt,mathescape]"zeta"}}
\def\Logic{\ensuretext{\ls[language=easycrypt,mathescape]"logic"}}
\def\Delta{\ensuretext{\ls[language=easycrypt,mathescape]"delta"}}
\def\Simplify{\ensuretext{\ls[language=easycrypt,mathescape]"simplify"}}
\def\Congr{\ensuretext{\ls[language=easycrypt,mathescape]"congr"}}
\def\Change{\ensuretext{\ls[language=easycrypt,mathescape]"change"}}
\def\Split{\ensuretext{\ls[language=easycrypt,mathescape]"split"}}
\def\Left{\ensuretext{\ls[language=easycrypt,mathescape]"left"}}
\def\Right{\ensuretext{\ls[language=easycrypt,mathescape]"right"}}
\def\Generalize{\ensuretext{\ls[language=easycrypt,mathescape]"generalize"}}
\def\Case{\ensuretext{\ls[language=easycrypt,mathescape]"case"}}
\def\Intros{\ensuretext{\ls[language=easycrypt,mathescape]"intros"}}
\def\Pose{\ensuretext{\ls[language=easycrypt,mathescape]"pose"}}
\def\Cut{\ensuretext{\ls[language=easycrypt,mathescape]"cut"}}
\def\Elim{\ensuretext{\ls[language=easycrypt,mathescape]"elim"}}
\def\Clear{\ensuretext{\ls[language=easycrypt,mathescape]"clear"}}
\def\Apply{\ensuretext{\ls[language=easycrypt,mathescape]"apply"}}
\def\Rewrite{\ensuretext{\ls[language=easycrypt,mathescape]"rewrite"}}
\def\Rwnormal{\ensuretext{\ls[language=easycrypt,mathescape]"rwnormal"}}
\def\Subst{\ensuretext{\ls[language=easycrypt,mathescape]"subst"}}
\def\Progress{\ensuretext{\ls[language=easycrypt,mathescape]"progress"}}
\def\Trivial{\ensuretext{\ls[language=easycrypt,mathescape]"trivial"}}
\def\Auto{\ensuretext{\ls[language=easycrypt,mathescape]"auto"}}
\def\Idtac{\ensuretext{\ls[language=easycrypt,mathescape]"idtac"}}
\def\Move{\ensuretext{\ls[language=easycrypt,mathescape]"move"}}
\def\Modpath{\ensuretext{\ls[language=easycrypt,mathescape]"modpath"}}
\def\Fieldeq{\ensuretext{\ls[language=easycrypt,mathescape]"fieldeq"}}
\def\Ringeq{\ensuretext{\ls[language=easycrypt,mathescape]"ringeq"}}
\def\Algebra{\ensuretext{\ls[language=easycrypt,mathescape]"algebra"}}
\def\Transitivity{\ensuretext{\ls[language=easycrypt,mathescape]"transitivity"}}
\def\Symmetry{\ensuretext{\ls[language=easycrypt,mathescape]"symmetry"}}
\def\Seq{\ensuretext{\ls[language=easycrypt,mathescape]"seq"}}
\def\Wp{\ensuretext{\ls[language=easycrypt,mathescape]"wp"}}
\def\Sp{\ensuretext{\ls[language=easycrypt,mathescape]"sp"}}
\def\Sim{\ensuretext{\ls[language=easycrypt,mathescape]"sim"}}
\def\Skip{\ensuretext{\ls[language=easycrypt,mathescape]"skip"}}
\def\Call{\ensuretext{\ls[language=easycrypt,mathescape]"call"}}
\def\Rcondt{\ensuretext{\ls[language=easycrypt,mathescape]"rcondt"}}
\def\Rcondf{\ensuretext{\ls[language=easycrypt,mathescape]"rcondf"}}
\def\Swap{\ensuretext{\ls[language=easycrypt,mathescape]"swap"}}
\def\Cfold{\ensuretext{\ls[language=easycrypt,mathescape]"cfold"}}
\def\Rnd{\ensuretext{\ls[language=easycrypt,mathescape]"rnd"}}
\def\Prbounded{\ensuretext{\ls[language=easycrypt,mathescape]"pr_bounded"}}
\def\Bypr{\ensuretext{\ls[language=easycrypt,mathescape]"bypr"}}
\def\Byphoare{\ensuretext{\ls[language=easycrypt,mathescape]"byphoare"}}
\def\Byequiv{\ensuretext{\ls[language=easycrypt,mathescape]"byequiv"}}
\def\Fel{\ensuretext{\ls[language=easycrypt,mathescape]"fel"}}
\def\Conseq{\ensuretext{\ls[language=easycrypt,mathescape]"conseq"}}
\def\Exfalso{\ensuretext{\ls[language=easycrypt,mathescape]"exfalso"}}
\def\Inline{\ensuretext{\ls[language=easycrypt,mathescape]"inline"}}
\def\Alias{\ensuretext{\ls[language=easycrypt,mathescape]"alias"}}
\def\Fission{\ensuretext{\ls[language=easycrypt,mathescape]"fission"}}
\def\Fusion{\ensuretext{\ls[language=easycrypt,mathescape]"fusion"}}
\def\Unroll{\ensuretext{\ls[language=easycrypt,mathescape]"unroll"}}
\def\Splitwhile{\ensuretext{\ls[language=easycrypt,mathescape]"splitwhile"}}
\def\Kill{\ensuretext{\ls[language=easycrypt,mathescape]"kill"}}
\def\Eager{\ensuretext{\ls[language=easycrypt,mathescape]"eager"}}
\def\Try{\ensuretext{\ls[language=easycrypt,mathescape]"try"}}
\def\First{\ensuretext{\ls[language=easycrypt,mathescape]"first"}}
\def\Last{\ensuretext{\ls[language=easycrypt,mathescape]"last"}}
\def\Do{\ensuretext{\ls[language=easycrypt,mathescape]"do"}}
\def\Strict{\ensuretext{\ls[language=easycrypt,mathescape]"strict"}}
\def\Expect{\ensuretext{\ls[language=easycrypt,mathescape]"expect"}}
\def\Forall{\ensuretext{\ls[language=easycrypt,mathescape]"forall"}}
\def\Exists{\ensuretext{\ls[language=easycrypt,mathescape]"exists"}}
\def\Fun{\ensuretext{\ls[language=easycrypt,mathescape]"fun"}}
\def\Glob{\ensuretext{\ls[language=easycrypt,mathescape]"glob"}}
\def\Let{\ensuretext{\ls[language=easycrypt,mathescape]"let"}}
\def\In{\ensuretext{\ls[language=easycrypt,mathescape]"in"}}
\def\Var{\ensuretext{\ls[language=easycrypt,mathescape]"var"}}
\def\Proc{\ensuretext{\ls[language=easycrypt,mathescape]"proc"}}
\def\If{\ensuretext{\ls[language=easycrypt,mathescape]"if"}}
\def\Then{\ensuretext{\ls[language=easycrypt,mathescape]"then"}}
\def\Else{\ensuretext{\ls[language=easycrypt,mathescape]"else"}}
\def\Elif{\ensuretext{\ls[language=easycrypt,mathescape]"elif"}}
\def\While{\ensuretext{\ls[language=easycrypt,mathescape]"while"}}
\def\Assert{\ensuretext{\ls[language=easycrypt,mathescape]"assert"}}
\def\Return{\ensuretext{\ls[language=easycrypt,mathescape]"return"}}
\def\Res{\ensuretext{\ls[language=easycrypt,mathescape]"res"}}
\def\Equiv{\ensuretext{\ls[language=easycrypt,mathescape]"equiv"}}
\def\Hoare{\ensuretext{\ls[language=easycrypt,mathescape]"hoare"}}
\def\Phoare{\ensuretext{\ls[language=easycrypt,mathescape]"phoare"}}
\def\Islossless{\ensuretext{\ls[language=easycrypt,mathescape]"islossless"}}
