% Generated on Tue Dec  2 19:01:03 2014

\lstdefinelanguage{easycrypt-kw}{
  morekeywords=[1]{forall,exists,fun,glob,let,in,var,proc,if,then,else,elif,while,assert,return,res,equiv,hoare,phoare,islossless},
  morekeywords=[2]{axiom,hypothesis,axiomatized,lemma,realize,proof,qed,goal,end,import,export,local,declare,hint,nosmt,module,of,const,op,pred,require,theory,section,type,class,instance,print,search,why3,as,Pr,clone,with,prover,timeout,nolocals,Top},
  morekeywords=[3]{beta,iota,zeta,logic,delta,simplify,congr,change,split,left,right,generalize,case,intros,pose,cut,elim,clear,apply,rewrite,rwnormal,subst,progress,trivial,auto,idtac,move,modpath,fieldeq,ringeq,algebra,transitivity,symmetry,seq,wp,sp,sim,skip,call,rcondt,rcondf,swap,cfold,rnd,pr_bounded,bypr,byphoare,byequiv,fel,conseq,exfalso,inline,alias,fission,fusion,unroll,splitwhile,kill,eager},
  morekeywords=[4]{try,first,last,do,strict,expect},
  morekeywords=[5]{exact,assumption,smt,by,reflexivity,done},
  morekeywords=[6]{admit},
}

\def\Exact{\ensuretext{\ls[language=easycrypt]"exact"}}
\def\Assumption{\ensuretext{\ls[language=easycrypt]"assumption"}}
\def\Smt{\ensuretext{\ls[language=easycrypt]"smt"}}
\def\By{\ensuretext{\ls[language=easycrypt]"by"}}
\def\Reflexivity{\ensuretext{\ls[language=easycrypt]"reflexivity"}}
\def\Done{\ensuretext{\ls[language=easycrypt]"done"}}
\def\Admit{\ensuretext{\ls[language=easycrypt]"admit"}}
\def\Axiom{\ensuretext{\ls[language=easycrypt]"axiom"}}
\def\Hypothesis{\ensuretext{\ls[language=easycrypt]"hypothesis"}}
\def\Axiomatized{\ensuretext{\ls[language=easycrypt]"axiomatized"}}
\def\Lemma{\ensuretext{\ls[language=easycrypt]"lemma"}}
\def\Realize{\ensuretext{\ls[language=easycrypt]"realize"}}
\def\Proof{\ensuretext{\ls[language=easycrypt]"proof"}}
\def\Qed{\ensuretext{\ls[language=easycrypt]"qed"}}
\def\Goal{\ensuretext{\ls[language=easycrypt]"goal"}}
\def\End{\ensuretext{\ls[language=easycrypt]"end"}}
\def\Import{\ensuretext{\ls[language=easycrypt]"import"}}
\def\Export{\ensuretext{\ls[language=easycrypt]"export"}}
\def\Local{\ensuretext{\ls[language=easycrypt]"local"}}
\def\Declare{\ensuretext{\ls[language=easycrypt]"declare"}}
\def\Hint{\ensuretext{\ls[language=easycrypt]"hint"}}
\def\Nosmt{\ensuretext{\ls[language=easycrypt]"nosmt"}}
\def\Module{\ensuretext{\ls[language=easycrypt]"module"}}
\def\Of{\ensuretext{\ls[language=easycrypt]"of"}}
\def\Const{\ensuretext{\ls[language=easycrypt]"const"}}
\def\Op{\ensuretext{\ls[language=easycrypt]"op"}}
\def\Pred{\ensuretext{\ls[language=easycrypt]"pred"}}
\def\Require{\ensuretext{\ls[language=easycrypt]"require"}}
\def\Theory{\ensuretext{\ls[language=easycrypt]"theory"}}
\def\Section{\ensuretext{\ls[language=easycrypt]"section"}}
\def\Type{\ensuretext{\ls[language=easycrypt]"type"}}
\def\Class{\ensuretext{\ls[language=easycrypt]"class"}}
\def\Instance{\ensuretext{\ls[language=easycrypt]"instance"}}
\def\Print{\ensuretext{\ls[language=easycrypt]"print"}}
\def\Search{\ensuretext{\ls[language=easycrypt]"search"}}
\def\Why3{\ensuretext{\ls[language=easycrypt]"why3"}}
\def\As{\ensuretext{\ls[language=easycrypt]"as"}}
\def\Pr{\ensuretext{\ls[language=easycrypt]"Pr"}}
\def\Clone{\ensuretext{\ls[language=easycrypt]"clone"}}
\def\With{\ensuretext{\ls[language=easycrypt]"with"}}
\def\Prover{\ensuretext{\ls[language=easycrypt]"prover"}}
\def\Timeout{\ensuretext{\ls[language=easycrypt]"timeout"}}
\def\Nolocals{\ensuretext{\ls[language=easycrypt]"nolocals"}}
\def\Top{\ensuretext{\ls[language=easycrypt]"Top"}}
\def\Undo{\ensuretext{\ls[language=easycrypt]"undo"}}
\def\Debug{\ensuretext{\ls[language=easycrypt]"debug"}}
\def\Pragma{\ensuretext{\ls[language=easycrypt]"pragma"}}
\def\Logic{\ensuretext{\ls[language=easycrypt]"logic"}}
\def\Simplify{\ensuretext{\ls[language=easycrypt]"simplify"}}
\def\Congr{\ensuretext{\ls[language=easycrypt]"congr"}}
\def\Change{\ensuretext{\ls[language=easycrypt]"change"}}
\def\Split{\ensuretext{\ls[language=easycrypt]"split"}}
\def\Left{\ensuretext{\ls[language=easycrypt]"left"}}
\def\Right{\ensuretext{\ls[language=easycrypt]"right"}}
\def\Generalize{\ensuretext{\ls[language=easycrypt]"generalize"}}
\def\Case{\ensuretext{\ls[language=easycrypt]"case"}}
\def\Intros{\ensuretext{\ls[language=easycrypt]"intros"}}
\def\Pose{\ensuretext{\ls[language=easycrypt]"pose"}}
\def\Cut{\ensuretext{\ls[language=easycrypt]"cut"}}
\def\Elim{\ensuretext{\ls[language=easycrypt]"elim"}}
\def\Clear{\ensuretext{\ls[language=easycrypt]"clear"}}
\def\Apply{\ensuretext{\ls[language=easycrypt]"apply"}}
\def\Rewrite{\ensuretext{\ls[language=easycrypt]"rewrite"}}
\def\Rwnormal{\ensuretext{\ls[language=easycrypt]"rwnormal"}}
\def\Subst{\ensuretext{\ls[language=easycrypt]"subst"}}
\def\Progress{\ensuretext{\ls[language=easycrypt]"progress"}}
\def\Trivial{\ensuretext{\ls[language=easycrypt]"trivial"}}
\def\Auto{\ensuretext{\ls[language=easycrypt]"auto"}}
\def\Idtac{\ensuretext{\ls[language=easycrypt]"idtac"}}
\def\Move{\ensuretext{\ls[language=easycrypt]"move"}}
\def\Modpath{\ensuretext{\ls[language=easycrypt]"modpath"}}
\def\Fieldeq{\ensuretext{\ls[language=easycrypt]"fieldeq"}}
\def\Ringeq{\ensuretext{\ls[language=easycrypt]"ringeq"}}
\def\Algebra{\ensuretext{\ls[language=easycrypt]"algebra"}}
\def\Transitivity{\ensuretext{\ls[language=easycrypt]"transitivity"}}
\def\Symmetry{\ensuretext{\ls[language=easycrypt]"symmetry"}}
\def\Seq{\ensuretext{\ls[language=easycrypt]"seq"}}
\def\Wp{\ensuretext{\ls[language=easycrypt]"wp"}}
\def\Sp{\ensuretext{\ls[language=easycrypt]"sp"}}
\def\Sim{\ensuretext{\ls[language=easycrypt]"sim"}}
\def\Skip{\ensuretext{\ls[language=easycrypt]"skip"}}
\def\Call{\ensuretext{\ls[language=easycrypt]"call"}}
\def\Rcondt{\ensuretext{\ls[language=easycrypt]"rcondt"}}
\def\Rcondf{\ensuretext{\ls[language=easycrypt]"rcondf"}}
\def\Swap{\ensuretext{\ls[language=easycrypt]"swap"}}
\def\Cfold{\ensuretext{\ls[language=easycrypt]"cfold"}}
\def\Rnd{\ensuretext{\ls[language=easycrypt]"rnd"}}
\def\Prbounded{\ensuretext{\ls[language=easycrypt]"pr_bounded"}}
\def\Bypr{\ensuretext{\ls[language=easycrypt]"bypr"}}
\def\Byphoare{\ensuretext{\ls[language=easycrypt]"byphoare"}}
\def\Byequiv{\ensuretext{\ls[language=easycrypt]"byequiv"}}
\def\Fel{\ensuretext{\ls[language=easycrypt]"fel"}}
\def\Conseq{\ensuretext{\ls[language=easycrypt]"conseq"}}
\def\Exfalso{\ensuretext{\ls[language=easycrypt]"exfalso"}}
\def\Inline{\ensuretext{\ls[language=easycrypt]"inline"}}
\def\Alias{\ensuretext{\ls[language=easycrypt]"alias"}}
\def\Fission{\ensuretext{\ls[language=easycrypt]"fission"}}
\def\Fusion{\ensuretext{\ls[language=easycrypt]"fusion"}}
\def\Unroll{\ensuretext{\ls[language=easycrypt]"unroll"}}
\def\Splitwhile{\ensuretext{\ls[language=easycrypt]"splitwhile"}}
\def\Kill{\ensuretext{\ls[language=easycrypt]"kill"}}
\def\Eager{\ensuretext{\ls[language=easycrypt]"eager"}}
\def\Try{\ensuretext{\ls[language=easycrypt]"try"}}
\def\First{\ensuretext{\ls[language=easycrypt]"first"}}
\def\Last{\ensuretext{\ls[language=easycrypt]"last"}}
\def\Do{\ensuretext{\ls[language=easycrypt]"do"}}
\def\Strict{\ensuretext{\ls[language=easycrypt]"strict"}}
\def\Expect{\ensuretext{\ls[language=easycrypt]"expect"}}
\def\Forall{\ensuretext{\ls[language=easycrypt]"forall"}}
\def\Exists{\ensuretext{\ls[language=easycrypt]"exists"}}
\def\Fun{\ensuretext{\ls[language=easycrypt]"fun"}}
\def\Glob{\ensuretext{\ls[language=easycrypt]"glob"}}
\def\Let{\ensuretext{\ls[language=easycrypt]"let"}}
\def\In{\ensuretext{\ls[language=easycrypt]"in"}}
\def\Var{\ensuretext{\ls[language=easycrypt]"var"}}
\def\Proc{\ensuretext{\ls[language=easycrypt]"proc"}}
\def\If{\ensuretext{\ls[language=easycrypt]"if"}}
\def\Then{\ensuretext{\ls[language=easycrypt]"then"}}
\def\Else{\ensuretext{\ls[language=easycrypt]"else"}}
\def\Elif{\ensuretext{\ls[language=easycrypt]"elif"}}
\def\While{\ensuretext{\ls[language=easycrypt]"while"}}
\def\Assert{\ensuretext{\ls[language=easycrypt]"assert"}}
\def\Return{\ensuretext{\ls[language=easycrypt]"return"}}
\def\Res{\ensuretext{\ls[language=easycrypt]"res"}}
\def\Equiv{\ensuretext{\ls[language=easycrypt]"equiv"}}
\def\Hoare{\ensuretext{\ls[language=easycrypt]"hoare"}}
\def\Phoare{\ensuretext{\ls[language=easycrypt]"phoare"}}
\def\Islossless{\ensuretext{\ls[language=easycrypt]"islossless"}}
