\lstdefinelanguage{easycrypt}{
  style=easycrypt-default,
  morekeywords=[1]{unit, bool, int, real, bitstring, array, list, matrix, word},
  morekeywords=[2]{type, op, axiom, lemma, module, pred, const, declare},
  morekeywords=[3]{var, proc},
  morekeywords=[4]{while, if, else, elif},
  morekeywords=[5]{theory, end, clone, import, export, as, with, section},
  morekeywords=[6]{forall, exists, fun},
  morekeywords=[7]{algebra, alias, apply, auto, beta, byequiv, byphoare,
                   bypr, call, case, cfold, change, clear, congr, conseq,
                   cut, delta, eager, elim, exfalso, fel, fieldeq, fission,
                   fusion, generalize, idtac, inline, intros, iota, kill,
                   left, logic, modpath, move, pose, pr_bounded, progress,
                   rcondf, rcondt, rewrite, right, ringeq, rnd, rwnormal,
                   seq, sim, simplify, skip, sp, split, splitwhile, subst,
                   swap, symmetry, transitivity, trivial, unroll, wp, zeta},
  morekeywords=[8]{by, done, assumption, exact, smt, reflexivity, admit},
  morekeywords=[9]{do, expect, first, last, strict, try},
  morecomment=[n][\itshape]{(*}{*)},
  morecomment=[n][\bfseries]{(**}{*)}
}

\lstdefinestyle{easycrypt-default}{
  columns=fullflexible,
  keepspaces=true,
  captionpos=b,
  frame=tb,
  xleftmargin=.1\textwidth,
  xrightmargin=.1\textwidth,
  rangebeginprefix={(**\ begin\ },
  rangeendprefix={(**\ end\ },
  rangesuffix={\ *)},
  includerangemarker=false,
  basicstyle=\small\sffamily,
  identifierstyle={},
  keywordstyle=[1]{\color{OliveGreen}},
  keywordstyle=[2]{\bfseries\color{Blue}},
  keywordstyle=[3]{\bfseries},
  keywordstyle=[4]{\bfseries},
  keywordstyle=[5]{\bfseries\color{OliveGreen}},
  keywordstyle=[6]{\itshape\color{Blue}},
  keywordstyle=[7]{\color{Blue}},
  keywordstyle=[8]{\color{Red}},
  keywordstyle=[9]{\color{OliveGreen}},
  literate=
    {==>}{$\Longrightarrow$}{1}
    {=>}{$\Rightarrow$}{1},
}
